../Core/Src/game_control.c:27:6:start_game	8	static
../Core/Src/game_control.c:40:12:get_game_state	4	static
../Core/Src/game_control.c:49:10:get_game_score	4	static
../Core/Src/game_control.c:57:6:set_game_state	16	static
../Core/Src/game_control.c:66:6:HAL_GPIO_EXTI_Callback	24	static
../Core/Src/game_control.c:93:6:handle_btn1	8	static
../Core/Src/game_control.c:128:6:handle_btn2	8	static
../Core/Src/game_control.c:179:6:handle_btn3	8	static
../Core/Src/game_control.c:210:6:game_task	16	static
../Core/Src/game_control.c:242:6:score_task	8	static
../Core/Src/game_control.c:269:6:display_task	8	static
