../Core/Src/game_control.c:26:6:start_game	8	static
../Core/Src/game_control.c:39:12:get_game_state	4	static
../Core/Src/game_control.c:48:10:get_game_score	4	static
../Core/Src/game_control.c:56:6:set_game_state	16	static
../Core/Src/game_control.c:65:6:HAL_GPIO_EXTI_Callback	16	static
../Core/Src/game_control.c:89:6:handle_btn1	8	static
../Core/Src/game_control.c:125:6:handle_btn2	8	static
../Core/Src/game_control.c:176:6:handle_btn3	8	static
../Core/Src/game_control.c:208:6:game_task	16	static
../Core/Src/game_control.c:239:6:score_task	8	static
../Core/Src/game_control.c:266:6:display_task	8	static
