../Core/Src/main.c:75:5:main	32	static
../Core/Src/main.c:156:6:SystemClock_Config	96	static
../Core/Src/main.c:206:13:MX_RNG_Init	8	static
../Core/Src/main.c:232:13:MX_TIM2_Init	56	static
../Core/Src/main.c:290:13:MX_TIM3_Init	64	static
../Core/Src/main.c:353:13:MX_USART2_UART_Init	8	static
../Core/Src/main.c:388:13:MX_GPIO_Init	48	static
../Core/Src/main.c:517:6:StartDefaultTask	16	static
../Core/Src/main.c:536:6:HAL_TIM_PeriodElapsedCallback	16	static
../Core/Src/main.c:553:6:Error_Handler	4	static,ignoring_inline_asm
